→ hero-bg (google/nano-banana, 16:9)
  ok hero-bg
→ foam (google/nano-banana, 1:1)
ÉCHEC foam
→ hair-before (google/nano-banana, 3:4)
  ok hair-before
→ hair-after (google/nano-banana-edit, 3:4)
ÉCHEC hair-after
→ ing-reishi (google/nano-banana, 1:1)
  ok ing-reishi
→ ing-saponin (google/nano-banana, 1:1)
  ok ing-saponin
→ ing-ginseng (google/nano-banana, 1:1)
  ok ing-ginseng
→ ing-foti (google/nano-banana, 1:1)
  ok ing-foti
→ ing-sesame (google/nano-banana, 1:1)
  ok ing-sesame
→ step-apply (google/nano-banana, 3:4)
  ok step-apply
→ step-spread (google/nano-banana, 3:4)
  ok step-spread
→ step-rinse (google/nano-banana, 3:4)
  ok step-rinse
=== terminé ===
hero-bg|https://tempfile.aiquickdraw.com/p/797d97fb763fc78d361ebc36cd42f833_1_1785269371_2895.png
hair-before|https://tempfile.aiquickdraw.com/p/98aaa2784abf158252e6bbd17a920051_1_1785269621_3789.png
hair-after|https://tempfile.aiquickdraw.com/a2/4de8c1f64674161b06ab2dfc36134615_1785269653125.png
ing-saponin|https://tempfile.aiquickdraw.com/p/aeca90761bd2f6d28f0d6a2c8b93906e_1_1785269688_6391.png
hair-before|https://tempfile.aiquickdraw.com/a2/32a2e5cfe1ce116515152fde0de462f1_1785269896990.png
ing-ginseng|https://tempfile.aiquickdraw.com/a2/a9e7465398fdc9efbce14fc2f0328845_1785269892618.png
ing-foti|https://tempfile.aiquickdraw.com/p/0f2747df7fb98bd0addf1eeade770d3c_1_1785270040_9085.png
ing-reishi|https://tempfile.aiquickdraw.com/p/657719b806be5fdc0d68b39b96f3bfec_1_1785270089_7966.png
ing-sesame|https://tempfile.aiquickdraw.com/p/4190e2e44b8a6f67fcbb8841a7c9a264_1_1785270140_6233.png
step-apply|https://tempfile.aiquickdraw.com/as/bdb670a1831d95752b04890c4a4c607b_1785270154500.png
step-spread|https://tempfile.aiquickdraw.com/p/17cb174c3b01fc3fab1b167eb4c8a243_1_1785270278_1515.png
ing-saponin|https://tempfile.aiquickdraw.com/a2/0cc7de4c943501221ed2fc6a45df792a_1785270316919.png
step-rinse|https://tempfile.aiquickdraw.com/p/5605c5b799553f06eaaacfc49b318ea9_1_1785270378_1221.png
ing-ginseng|https://tempfile.aiquickdraw.com/p/d50254f99b8ba045110353339b9a2449_1_1785270391_3453.png
ing-foti|https://tempfile.aiquickdraw.com/p/9c940557d69a51881392ac3923f11ff3_1_1785270506_9239.png
ing-sesame|https://tempfile.aiquickdraw.com/p/0a1197a1bba6ffee2b476fab2ff2349b_1_1785270546_3642.png
step-apply|https://tempfile.aiquickdraw.com/p/62c6a4694062d8fa9090b37c2b0b0a91_1_1785270800_5685.png
step-spread|https://tempfile.aiquickdraw.com/p/384f72f3eb5d1ec3df6555f3bf7bde84_1_1785270882_4452.png
step-rinse|https://tempfile.aiquickdraw.com/p/06f84d7ab270dc701a7c7974d122e259_1_1785271168_4118.png
